// Jest Snapshot v1, https://goo.gl/fbAQLP

exports[`EditorHeader Smoke Test 1`] = `
<div
  className="editor-header"
>
  <div
    className="logo-container"
  >
    <Logo />
  </div>
  <div
    className="navbar-container"
  >
    <EditorNavbar />
  </div>
</div>
`;
